mode: atomic
waniar/game-backend/internal/config/rules.go:32.31,43.22 2 4
waniar/game-backend/internal/config/rules.go:43.22,45.3 1 0
waniar/game-backend/internal/config/rules.go:46.2,46.33 1 4
waniar/game-backend/internal/config/rules.go:46.33,48.3 1 1
waniar/game-backend/internal/config/rules.go:49.2,49.10 1 4
waniar/game-backend/internal/config/rules.go:52.60,54.13 2 20
waniar/game-backend/internal/config/rules.go:54.13,56.3 1 17
waniar/game-backend/internal/config/rules.go:57.2,58.28 2 3
waniar/game-backend/internal/config/rules.go:58.28,60.3 1 1
waniar/game-backend/internal/config/rules.go:61.2,61.50 1 2
waniar/game-backend/internal/config/rules.go:64.38,66.13 2 8
waniar/game-backend/internal/config/rules.go:66.13,68.3 1 6
waniar/game-backend/internal/config/rules.go:69.2,70.25 2 2
waniar/game-backend/internal/config/rules.go:70.25,72.3 1 0
waniar/game-backend/internal/config/rules.go:73.2,73.10 1 2
waniar/game-backend/internal/config/rules.go:76.48,78.13 2 4
waniar/game-backend/internal/config/rules.go:78.13,80.3 1 3
waniar/game-backend/internal/config/rules.go:81.2,82.26 2 1
waniar/game-backend/internal/config/rules.go:82.26,84.3 1 0
waniar/game-backend/internal/config/rules.go:85.2,85.10 1 1
waniar/game-backend/internal/infrastructure/memory/room_repository.go:24.42,28.2 1 3
waniar/game-backend/internal/infrastructure/memory/room_repository.go:30.122,36.56 4 6
waniar/game-backend/internal/infrastructure/memory/room_repository.go:36.56,38.51 2 1
waniar/game-backend/internal/infrastructure/memory/room_repository.go:38.51,40.4 1 1
waniar/game-backend/internal/infrastructure/memory/room_repository.go:41.8,43.51 2 5
waniar/game-backend/internal/infrastructure/memory/room_repository.go:43.51,45.4 1 3
waniar/game-backend/internal/infrastructure/memory/room_repository.go:48.2,50.44 3 6
waniar/game-backend/internal/infrastructure/memory/room_repository.go:53.46,55.33 2 5
waniar/game-backend/internal/infrastructure/memory/room_repository.go:55.33,57.3 1 1
waniar/game-backend/internal/infrastructure/memory/room_repository.go:58.2,58.40 1 5
waniar/game-backend/internal/infrastructure/memory/room_repository.go:58.40,59.15 1 6
waniar/game-backend/internal/infrastructure/memory/room_repository.go:59.15,61.4 1 5
waniar/game-backend/internal/infrastructure/memory/room_repository.go:63.2,63.72 1 0
waniar/game-backend/internal/infrastructure/memory/room_repository.go:66.127,71.54 4 1
waniar/game-backend/internal/infrastructure/memory/room_repository.go:71.54,74.3 2 1
waniar/game-backend/internal/infrastructure/memory/room_repository.go:75.2,77.44 3 1
waniar/game-backend/internal/infrastructure/memory/room_repository.go:80.112,88.2 6 0
waniar/game-backend/internal/infrastructure/memory/room_repository.go:90.101,95.9 4 0
waniar/game-backend/internal/infrastructure/memory/room_repository.go:95.9,101.3 1 0
waniar/game-backend/internal/infrastructure/memory/room_repository.go:102.2,102.44 1 0
waniar/game-backend/internal/infrastructure/memory/room_repository.go:105.63,106.35 1 9
waniar/game-backend/internal/infrastructure/memory/room_repository.go:106.35,108.3 1 5
waniar/game-backend/internal/infrastructure/memory/room_repository.go:109.2,113.11 3 4
waniar/game-backend/internal/infrastructure/memory/room_repository.go:116.99,120.9 4 0
waniar/game-backend/internal/infrastructure/memory/room_repository.go:120.9,122.3 1 0
waniar/game-backend/internal/infrastructure/memory/room_repository.go:123.2,125.16 3 0
waniar/game-backend/internal/infrastructure/memory/room_repository.go:128.100,134.2 5 1
waniar/game-backend/internal/infrastructure/memory/room_repository.go:136.86,141.31 5 0
waniar/game-backend/internal/infrastructure/memory/room_repository.go:141.31,143.3 1 0
waniar/game-backend/internal/infrastructure/memory/room_repository.go:144.2,144.19 1 0
waniar/game-backend/internal/infrastructure/memory/room_repository.go:144.19,146.3 1 0
waniar/game-backend/internal/infrastructure/memory/room_repository.go:147.2,147.38 1 0
waniar/game-backend/internal/infrastructure/memory/room_repository.go:150.116,154.28 4 1
waniar/game-backend/internal/infrastructure/memory/room_repository.go:154.28,156.3 1 1
waniar/game-backend/internal/infrastructure/memory/room_repository.go:157.2,160.16 4 1
waniar/game-backend/internal/infrastructure/memory/room_repository.go:163.91,167.9 4 0
waniar/game-backend/internal/infrastructure/memory/room_repository.go:167.9,169.3 1 0
waniar/game-backend/internal/infrastructure/memory/room_repository.go:170.2,171.31 2 0
waniar/game-backend/internal/infrastructure/memory/room_repository.go:171.31,173.3 1 0
waniar/game-backend/internal/infrastructure/memory/room_repository.go:174.2,174.17 1 0
waniar/game-backend/internal/infrastructure/memory/room_repository.go:177.75,181.26 4 1
waniar/game-backend/internal/infrastructure/memory/room_repository.go:181.26,183.3 1 2
waniar/game-backend/internal/infrastructure/memory/room_repository.go:184.2,185.17 2 1
waniar/game-backend/internal/infrastructure/memory/room_repository.go:188.75,190.33 2 7
waniar/game-backend/internal/infrastructure/memory/room_repository.go:190.33,192.3 1 8
waniar/game-backend/internal/infrastructure/memory/room_repository.go:193.2,197.3 1 7
waniar/game-backend/internal/interface/ws/gateway.go:103.71,116.2 1 0
waniar/game-backend/internal/interface/ws/gateway.go:120.52,122.29 2 0
waniar/game-backend/internal/interface/ws/gateway.go:122.29,123.37 1 0
waniar/game-backend/internal/interface/ws/gateway.go:123.37,123.52 1 0
waniar/game-backend/internal/interface/ws/gateway.go:125.2,126.44 2 0
waniar/game-backend/internal/interface/ws/gateway.go:126.44,128.14 2 0
waniar/game-backend/internal/interface/ws/gateway.go:128.14,130.4 1 0
waniar/game-backend/internal/interface/ws/gateway.go:132.2,132.36 1 0
waniar/game-backend/internal/interface/ws/gateway.go:132.36,136.3 3 0
waniar/game-backend/internal/interface/ws/gateway.go:139.42,142.36 3 0
waniar/game-backend/internal/interface/ws/gateway.go:142.36,145.3 2 0
waniar/game-backend/internal/interface/ws/gateway.go:147.2,153.16 3 0
waniar/game-backend/internal/interface/ws/gateway.go:153.16,156.48 3 0
waniar/game-backend/internal/interface/ws/gateway.go:156.48,159.4 2 0
waniar/game-backend/internal/interface/ws/gateway.go:160.3,161.9 2 0
waniar/game-backend/internal/interface/ws/gateway.go:164.2,165.16 2 0
waniar/game-backend/internal/interface/ws/gateway.go:165.16,168.3 2 0
waniar/game-backend/internal/interface/ws/gateway.go:170.2,188.20 9 0
waniar/game-backend/internal/interface/ws/gateway.go:191.44,192.15 1 0
waniar/game-backend/internal/interface/ws/gateway.go:192.15,197.3 4 0
waniar/game-backend/internal/interface/ws/gateway.go:199.2,201.48 3 0
waniar/game-backend/internal/interface/ws/gateway.go:201.48,203.3 1 0
waniar/game-backend/internal/interface/ws/gateway.go:205.2,205.6 1 0
waniar/game-backend/internal/interface/ws/gateway.go:205.6,207.52 2 0
waniar/game-backend/internal/interface/ws/gateway.go:207.52,209.4 1 0
waniar/game-backend/internal/interface/ws/gateway.go:211.3,211.19 1 0
waniar/game-backend/internal/interface/ws/gateway.go:212.15,213.37 1 0
waniar/game-backend/internal/interface/ws/gateway.go:214.15,215.37 1 0
waniar/game-backend/internal/interface/ws/gateway.go:216.20,217.42 1 0
waniar/game-backend/internal/interface/ws/gateway.go:222.67,224.49 2 0
waniar/game-backend/internal/interface/ws/gateway.go:224.49,226.3 1 0
waniar/game-backend/internal/interface/ws/gateway.go:228.2,243.16 2 0
waniar/game-backend/internal/interface/ws/gateway.go:243.16,245.3 1 0
waniar/game-backend/internal/interface/ws/gateway.go:246.2,246.46 1 0
waniar/game-backend/internal/interface/ws/gateway.go:249.67,251.49 2 0
waniar/game-backend/internal/interface/ws/gateway.go:251.49,253.3 1 0
waniar/game-backend/internal/interface/ws/gateway.go:255.2,256.50 2 0
waniar/game-backend/internal/interface/ws/gateway.go:256.50,258.3 1 0
waniar/game-backend/internal/interface/ws/gateway.go:259.2,259.32 1 0
waniar/game-backend/internal/interface/ws/gateway.go:259.32,260.58 1 0
waniar/game-backend/internal/interface/ws/gateway.go:260.58,262.4 1 0
waniar/game-backend/internal/interface/ws/gateway.go:263.3,263.54 1 0
waniar/game-backend/internal/interface/ws/gateway.go:263.54,265.4 1 0
waniar/game-backend/internal/interface/ws/gateway.go:268.2,269.16 2 0
waniar/game-backend/internal/interface/ws/gateway.go:269.16,271.3 1 0
waniar/game-backend/internal/interface/ws/gateway.go:273.2,279.43 3 0
waniar/game-backend/internal/interface/ws/gateway.go:279.43,281.3 1 0
waniar/game-backend/internal/interface/ws/gateway.go:284.72,286.49 2 0
waniar/game-backend/internal/interface/ws/gateway.go:286.49,288.3 1 0
waniar/game-backend/internal/interface/ws/gateway.go:289.2,290.33 2 0
waniar/game-backend/internal/interface/ws/gateway.go:290.33,292.3 1 0
waniar/game-backend/internal/interface/ws/gateway.go:293.2,295.24 3 0
waniar/game-backend/internal/interface/ws/gateway.go:298.74,302.2 3 0
waniar/game-backend/internal/interface/ws/gateway.go:304.45,306.15 2 0
waniar/game-backend/internal/interface/ws/gateway.go:306.15,309.3 2 0
waniar/game-backend/internal/interface/ws/gateway.go:311.2,311.6 1 0
waniar/game-backend/internal/interface/ws/gateway.go:311.6,312.10 1 0
waniar/game-backend/internal/interface/ws/gateway.go:313.37,315.11 2 0
waniar/game-backend/internal/interface/ws/gateway.go:315.11,318.5 2 0
waniar/game-backend/internal/interface/ws/gateway.go:319.4,319.83 1 0
waniar/game-backend/internal/interface/ws/gateway.go:319.83,321.5 1 0
waniar/game-backend/internal/interface/ws/gateway.go:322.19,324.79 2 0
waniar/game-backend/internal/interface/ws/gateway.go:324.79,326.5 1 0
waniar/game-backend/internal/interface/ws/gateway.go:331.44,334.42 3 0
waniar/game-backend/internal/interface/ws/gateway.go:334.42,336.3 1 0
waniar/game-backend/internal/interface/ws/gateway.go:337.2,337.45 1 0
waniar/game-backend/internal/interface/ws/gateway.go:340.46,343.9 3 0
waniar/game-backend/internal/interface/ws/gateway.go:343.9,346.3 2 0
waniar/game-backend/internal/interface/ws/gateway.go:347.2,350.11 4 0
waniar/game-backend/internal/interface/ws/gateway.go:350.11,352.3 1 0
waniar/game-backend/internal/interface/ws/gateway.go:353.2,355.11 2 0
waniar/game-backend/internal/interface/ws/gateway.go:355.11,359.3 3 0
waniar/game-backend/internal/interface/ws/gateway.go:362.54,366.2 3 0
waniar/game-backend/internal/interface/ws/gateway.go:368.100,373.37 5 0
waniar/game-backend/internal/interface/ws/gateway.go:373.37,374.43 1 0
waniar/game-backend/internal/interface/ws/gateway.go:374.43,375.12 1 0
waniar/game-backend/internal/interface/ws/gateway.go:377.3,378.15 2 0
waniar/game-backend/internal/interface/ws/gateway.go:378.15,380.4 1 0
waniar/game-backend/internal/interface/ws/gateway.go:381.3,384.5 1 0
waniar/game-backend/internal/interface/ws/gateway.go:386.2,404.3 2 0
waniar/game-backend/internal/interface/ws/gateway.go:407.74,410.2 2 0
waniar/game-backend/internal/interface/ws/gateway.go:412.54,414.16 2 0
waniar/game-backend/internal/interface/ws/gateway.go:414.16,416.3 1 0
waniar/game-backend/internal/interface/ws/gateway.go:418.2,421.18 3 0
waniar/game-backend/internal/interface/ws/gateway.go:422.31,423.34 1 0
waniar/game-backend/internal/interface/ws/gateway.go:423.34,426.4 2 0
waniar/game-backend/internal/interface/ws/gateway.go:427.3,427.34 1 0
waniar/game-backend/internal/interface/ws/gateway.go:427.34,430.4 2 0
waniar/game-backend/internal/interface/ws/gateway.go:431.3,432.35 2 0
waniar/game-backend/internal/interface/ws/gateway.go:433.29,434.34 1 0
waniar/game-backend/internal/interface/ws/gateway.go:434.34,438.4 3 0
waniar/game-backend/internal/interface/ws/gateway.go:439.3,439.33 1 0
waniar/game-backend/internal/interface/ws/gateway.go:439.33,446.4 6 0
waniar/game-backend/internal/interface/ws/gateway.go:447.3,448.35 2 0
waniar/game-backend/internal/interface/ws/gateway.go:452.50,455.38 3 0
waniar/game-backend/internal/interface/ws/gateway.go:455.38,458.3 2 0
waniar/game-backend/internal/interface/ws/gateway.go:461.49,463.37 2 0
waniar/game-backend/internal/interface/ws/gateway.go:463.37,466.3 2 0
waniar/game-backend/internal/interface/ws/gateway.go:467.2,481.12 9 0
waniar/game-backend/internal/interface/ws/gateway.go:481.12,482.10 1 0
waniar/game-backend/internal/interface/ws/gateway.go:483.25,487.23 4 0
waniar/game-backend/internal/interface/ws/gateway.go:488.21,488.21 0 0
waniar/game-backend/internal/interface/ws/gateway.go:493.44,497.25 4 0
waniar/game-backend/internal/interface/ws/gateway.go:497.25,499.3 1 0
waniar/game-backend/internal/interface/ws/gateway.go:500.2,503.27 3 0
waniar/game-backend/internal/interface/ws/gateway.go:503.27,505.3 1 0
waniar/game-backend/internal/interface/ws/gateway.go:506.2,506.30 1 0
waniar/game-backend/internal/interface/ws/gateway.go:506.30,508.3 1 0
waniar/game-backend/internal/interface/ws/gateway.go:509.2,511.9 3 0
waniar/game-backend/internal/interface/ws/gateway.go:511.9,513.3 1 0
waniar/game-backend/internal/interface/ws/gateway.go:514.2,534.30 9 0
waniar/game-backend/internal/interface/ws/gateway.go:534.30,537.33 3 0
waniar/game-backend/internal/interface/ws/gateway.go:537.33,540.4 2 0
waniar/game-backend/internal/interface/ws/gateway.go:541.3,549.83 2 0
waniar/game-backend/internal/interface/ws/gateway.go:551.2,558.33 6 0
waniar/game-backend/internal/interface/ws/gateway.go:561.69,568.6 6 0
waniar/game-backend/internal/interface/ws/gateway.go:568.6,569.10 1 0
waniar/game-backend/internal/interface/ws/gateway.go:570.23,574.18 4 0
waniar/game-backend/internal/interface/ws/gateway.go:574.18,576.5 1 0
waniar/game-backend/internal/interface/ws/gateway.go:576.10,579.5 2 0
waniar/game-backend/internal/interface/ws/gateway.go:580.22,585.10 5 0
waniar/game-backend/internal/interface/ws/gateway.go:586.21,587.10 1 0
waniar/game-backend/internal/interface/ws/gateway.go:592.46,604.37 11 0
waniar/game-backend/internal/interface/ws/gateway.go:604.37,605.58 1 0
waniar/game-backend/internal/interface/ws/gateway.go:605.58,606.12 1 0
waniar/game-backend/internal/interface/ws/gateway.go:608.3,609.15 2 0
waniar/game-backend/internal/interface/ws/gateway.go:609.15,611.4 1 0
waniar/game-backend/internal/interface/ws/gateway.go:612.3,616.5 1 0
waniar/game-backend/internal/interface/ws/gateway.go:619.2,633.12 6 0
waniar/game-backend/internal/interface/ws/gateway.go:633.12,634.10 1 0
waniar/game-backend/internal/interface/ws/gateway.go:635.25,639.26 4 0
waniar/game-backend/internal/interface/ws/gateway.go:640.21,640.21 0 0
waniar/game-backend/internal/interface/ws/gateway.go:645.47,649.16 3 0
waniar/game-backend/internal/interface/ws/gateway.go:649.16,651.3 1 0
waniar/game-backend/internal/interface/ws/gateway.go:653.2,662.12 5 0
waniar/game-backend/internal/interface/ws/gateway.go:662.12,665.3 2 0
waniar/game-backend/internal/interface/ws/gateway.go:668.44,675.2 3 0
waniar/game-backend/internal/interface/ws/gateway.go:677.82,679.16 2 0
waniar/game-backend/internal/interface/ws/gateway.go:679.16,681.3 1 0
waniar/game-backend/internal/interface/ws/gateway.go:682.2,685.34 4 0
waniar/game-backend/internal/interface/ws/gateway.go:685.34,686.10 1 0
waniar/game-backend/internal/interface/ws/gateway.go:687.28,687.28 0 0
waniar/game-backend/internal/interface/ws/gateway.go:688.11,689.27 1 0
waniar/game-backend/internal/interface/ws/gateway.go:694.76,696.16 2 0
waniar/game-backend/internal/interface/ws/gateway.go:696.16,698.3 1 0
waniar/game-backend/internal/interface/ws/gateway.go:699.2,702.34 4 0
waniar/game-backend/internal/interface/ws/gateway.go:702.34,703.10 1 0
waniar/game-backend/internal/interface/ws/gateway.go:704.28,704.28 0 0
waniar/game-backend/internal/interface/ws/gateway.go:705.11,706.27 1 0
waniar/game-backend/internal/interface/ws/gateway.go:711.74,713.16 2 0
waniar/game-backend/internal/interface/ws/gateway.go:713.16,715.3 1 0
waniar/game-backend/internal/interface/ws/gateway.go:716.2,716.9 1 0
waniar/game-backend/internal/interface/ws/gateway.go:717.27,717.27 0 0
waniar/game-backend/internal/interface/ws/gateway.go:718.10,718.10 0 0
waniar/game-backend/internal/interface/ws/gateway.go:722.77,724.16 2 0
waniar/game-backend/internal/interface/ws/gateway.go:724.16,726.3 1 0
waniar/game-backend/internal/interface/ws/gateway.go:727.2,727.9 1 0
waniar/game-backend/internal/interface/ws/gateway.go:728.27,728.27 0 0
waniar/game-backend/internal/interface/ws/gateway.go:729.10,729.10 0 0
waniar/game-backend/internal/interface/ws/gateway.go:734.51,735.12 1 6400
waniar/game-backend/internal/interface/ws/gateway.go:735.12,737.3 1 0
waniar/game-backend/internal/interface/ws/gateway.go:738.2,739.49 2 6400
waniar/game-backend/internal/interface/ws/gateway.go:739.49,741.3 1 0
waniar/game-backend/internal/interface/ws/gateway.go:742.2,743.33 2 6400
waniar/game-backend/internal/interface/ws/gateway.go:746.53,748.25 2 0
waniar/game-backend/internal/interface/ws/gateway.go:748.25,750.3 1 0
waniar/game-backend/internal/interface/ws/gateway.go:751.2,751.10 1 0
waniar/game-backend/internal/interface/ws/gateway.go:754.52,755.25 1 0
waniar/game-backend/internal/interface/ws/gateway.go:755.25,756.14 1 0
waniar/game-backend/internal/interface/ws/gateway.go:756.14,758.4 1 0
waniar/game-backend/internal/interface/ws/gateway.go:760.2,760.14 1 0
waniar/game-backend/internal/interface/ws/gateway.go:764.76,765.32 1 0
waniar/game-backend/internal/interface/ws/gateway.go:765.32,767.3 1 0
waniar/game-backend/internal/interface/ws/gateway.go:768.2,769.17 2 0
waniar/game-backend/internal/usecase/room_usecase.go:30.45,32.2 1 16
waniar/game-backend/internal/usecase/room_usecase.go:63.103,70.2 1 8
waniar/game-backend/internal/usecase/room_usecase.go:72.92,73.80 1 16
waniar/game-backend/internal/usecase/room_usecase.go:73.80,75.3 1 2
waniar/game-backend/internal/usecase/room_usecase.go:76.2,77.16 2 14
waniar/game-backend/internal/usecase/room_usecase.go:77.16,79.3 1 0
waniar/game-backend/internal/usecase/room_usecase.go:80.2,81.16 2 14
waniar/game-backend/internal/usecase/room_usecase.go:81.16,83.3 1 0
waniar/game-backend/internal/usecase/room_usecase.go:84.2,85.41 2 14
waniar/game-backend/internal/usecase/room_usecase.go:85.41,86.32 1 8
waniar/game-backend/internal/usecase/room_usecase.go:86.32,88.9 2 1
waniar/game-backend/internal/usecase/room_usecase.go:91.2,91.45 1 14
waniar/game-backend/internal/usecase/room_usecase.go:91.45,93.3 1 1
waniar/game-backend/internal/usecase/room_usecase.go:94.2,94.69 1 13
waniar/game-backend/internal/usecase/room_usecase.go:94.69,96.3 1 1
waniar/game-backend/internal/usecase/room_usecase.go:97.2,98.28 2 12
waniar/game-backend/internal/usecase/room_usecase.go:98.28,100.3 1 1
waniar/game-backend/internal/usecase/room_usecase.go:101.2,113.45 2 12
waniar/game-backend/internal/usecase/room_usecase.go:119.159,124.16 4 1
waniar/game-backend/internal/usecase/room_usecase.go:124.16,126.3 1 0
waniar/game-backend/internal/usecase/room_usecase.go:128.2,128.27 1 1
waniar/game-backend/internal/usecase/room_usecase.go:128.27,129.29 1 0
waniar/game-backend/internal/usecase/room_usecase.go:129.29,130.50 1 0
waniar/game-backend/internal/usecase/room_usecase.go:130.50,131.13 1 0
waniar/game-backend/internal/usecase/room_usecase.go:133.4,134.16 2 0
waniar/game-backend/internal/usecase/room_usecase.go:134.16,135.13 1 0
waniar/game-backend/internal/usecase/room_usecase.go:137.4,137.29 1 0
waniar/game-backend/internal/usecase/room_usecase.go:137.29,139.5 1 0
waniar/game-backend/internal/usecase/room_usecase.go:141.3,142.17 2 0
waniar/game-backend/internal/usecase/room_usecase.go:142.17,144.4 1 0
waniar/game-backend/internal/usecase/room_usecase.go:145.3,145.41 1 0
waniar/game-backend/internal/usecase/room_usecase.go:148.2,149.16 2 1
waniar/game-backend/internal/usecase/room_usecase.go:149.16,151.3 1 0
waniar/game-backend/internal/usecase/room_usecase.go:152.2,152.28 1 1
waniar/game-backend/internal/usecase/room_usecase.go:152.28,154.3 1 0
waniar/game-backend/internal/usecase/room_usecase.go:155.2,155.28 1 1
waniar/game-backend/internal/usecase/room_usecase.go:155.28,156.28 1 2
waniar/game-backend/internal/usecase/room_usecase.go:156.28,157.12 1 1
waniar/game-backend/internal/usecase/room_usecase.go:159.3,160.15 2 1
waniar/game-backend/internal/usecase/room_usecase.go:160.15,161.12 1 0
waniar/game-backend/internal/usecase/room_usecase.go:163.3,163.28 1 1
waniar/game-backend/internal/usecase/room_usecase.go:163.28,165.4 1 1
waniar/game-backend/internal/usecase/room_usecase.go:167.2,168.16 2 0
waniar/game-backend/internal/usecase/room_usecase.go:168.16,170.3 1 0
waniar/game-backend/internal/usecase/room_usecase.go:171.2,171.45 1 0
waniar/game-backend/internal/usecase/room_usecase.go:174.78,176.30 2 0
waniar/game-backend/internal/usecase/room_usecase.go:176.30,178.3 1 0
waniar/game-backend/internal/usecase/room_usecase.go:179.2,179.15 1 0
waniar/game-backend/internal/usecase/room_usecase.go:179.15,181.44 2 0
waniar/game-backend/internal/usecase/room_usecase.go:181.44,183.4 1 0
waniar/game-backend/internal/usecase/room_usecase.go:184.3,185.30 2 0
waniar/game-backend/internal/usecase/room_usecase.go:185.30,187.4 1 0
waniar/game-backend/internal/usecase/room_usecase.go:189.2,189.53 1 0
waniar/game-backend/internal/usecase/room_usecase.go:192.92,193.80 1 1
waniar/game-backend/internal/usecase/room_usecase.go:193.80,195.3 1 0
waniar/game-backend/internal/usecase/room_usecase.go:196.2,211.50 2 1
waniar/game-backend/internal/usecase/room_usecase.go:214.104,215.74 1 0
waniar/game-backend/internal/usecase/room_usecase.go:215.74,217.3 1 0
waniar/game-backend/internal/usecase/room_usecase.go:218.2,218.51 1 0
waniar/game-backend/internal/usecase/room_usecase.go:221.97,222.37 1 1
waniar/game-backend/internal/usecase/room_usecase.go:222.37,224.3 1 0
waniar/game-backend/internal/usecase/room_usecase.go:225.2,225.40 1 1
waniar/game-backend/internal/usecase/room_usecase.go:228.98,230.2 1 0
waniar/game-backend/internal/usecase/room_usecase.go:232.99,234.2 1 4
waniar/game-backend/internal/usecase/room_usecase.go:236.85,238.2 1 0
waniar/game-backend/internal/usecase/room_usecase.go:240.115,242.2 1 0
waniar/game-backend/internal/usecase/room_usecase.go:244.90,246.2 1 0
waniar/game-backend/internal/usecase/room_usecase.go:283.136,285.16 2 0
waniar/game-backend/internal/usecase/room_usecase.go:285.16,287.3 1 0
waniar/game-backend/internal/usecase/room_usecase.go:288.2,289.16 2 0
waniar/game-backend/internal/usecase/room_usecase.go:289.16,291.3 1 0
waniar/game-backend/internal/usecase/room_usecase.go:293.2,295.37 3 0
waniar/game-backend/internal/usecase/room_usecase.go:295.37,296.47 1 0
waniar/game-backend/internal/usecase/room_usecase.go:296.47,297.12 1 0
waniar/game-backend/internal/usecase/room_usecase.go:299.3,310.5 1 0
waniar/game-backend/internal/usecase/room_usecase.go:313.2,314.20 2 0
waniar/game-backend/internal/usecase/room_usecase.go:314.20,316.20 2 0
waniar/game-backend/internal/usecase/room_usecase.go:316.20,318.4 1 0
waniar/game-backend/internal/usecase/room_usecase.go:319.3,320.18 2 0
waniar/game-backend/internal/usecase/room_usecase.go:320.18,322.4 1 0
waniar/game-backend/internal/usecase/room_usecase.go:323.3,323.38 1 0
waniar/game-backend/internal/usecase/room_usecase.go:326.2,327.20 2 0
waniar/game-backend/internal/usecase/room_usecase.go:327.20,329.3 1 0
waniar/game-backend/internal/usecase/room_usecase.go:331.2,344.16 3 0
waniar/game-backend/internal/usecase/room_usecase.go:344.16,347.3 2 0
waniar/game-backend/internal/usecase/room_usecase.go:349.2,349.58 1 0
waniar/game-backend/internal/usecase/room_usecase.go:352.95,354.16 2 0
waniar/game-backend/internal/usecase/room_usecase.go:354.16,356.3 1 0
waniar/game-backend/internal/usecase/room_usecase.go:358.2,360.16 3 0
waniar/game-backend/internal/usecase/room_usecase.go:360.16,362.3 1 0
waniar/game-backend/internal/usecase/room_usecase.go:363.2,366.16 3 0
waniar/game-backend/internal/usecase/room_usecase.go:366.16,368.3 1 0
waniar/game-backend/internal/usecase/room_usecase.go:369.2,372.16 3 0
waniar/game-backend/internal/usecase/room_usecase.go:372.16,374.3 1 0
waniar/game-backend/internal/usecase/room_usecase.go:376.2,376.38 1 0
waniar/game-backend/internal/usecase/room_usecase.go:376.38,378.3 1 0
waniar/game-backend/internal/usecase/room_usecase.go:380.2,381.58 2 0
waniar/game-backend/internal/usecase/room_usecase.go:381.58,383.3 1 0
waniar/game-backend/internal/usecase/room_usecase.go:385.2,385.25 1 0
waniar/game-backend/internal/usecase/room_usecase.go:388.73,389.33 1 0
waniar/game-backend/internal/usecase/room_usecase.go:389.33,391.3 1 0
waniar/game-backend/internal/usecase/room_usecase.go:392.2,393.39 2 0
waniar/game-backend/internal/usecase/room_usecase.go:393.39,395.3 1 0
waniar/game-backend/internal/usecase/room_usecase.go:396.2,396.10 1 0
waniar/game-backend/internal/usecase/room_usecase.go:399.112,401.33 2 0
waniar/game-backend/internal/usecase/room_usecase.go:401.33,402.47 1 0
waniar/game-backend/internal/usecase/room_usecase.go:402.47,403.12 1 0
waniar/game-backend/internal/usecase/room_usecase.go:405.3,405.37 1 0
waniar/game-backend/internal/usecase/room_usecase.go:405.37,409.4 3 0
waniar/game-backend/internal/usecase/room_usecase.go:411.2,411.102 1 0
waniar/game-backend/internal/usecase/room_usecase.go:414.40,416.13 2 0
waniar/game-backend/internal/usecase/room_usecase.go:416.13,418.3 1 0
waniar/game-backend/internal/usecase/room_usecase.go:418.8,418.21 1 0
waniar/game-backend/internal/usecase/room_usecase.go:418.21,420.3 1 0
waniar/game-backend/internal/usecase/room_usecase.go:421.2,421.13 1 0
waniar/game-backend/internal/usecase/room_usecase.go:421.13,423.3 1 0
waniar/game-backend/internal/usecase/room_usecase.go:423.8,423.21 1 0
waniar/game-backend/internal/usecase/room_usecase.go:423.21,425.3 1 0
waniar/game-backend/internal/usecase/room_usecase.go:426.2,426.26 1 0
waniar/game-backend/internal/usecase/room_usecase.go:426.26,428.3 1 0
waniar/game-backend/internal/usecase/room_usecase.go:429.2,429.30 1 0
waniar/game-backend/internal/usecase/room_usecase.go:432.43,433.9 1 0
waniar/game-backend/internal/usecase/room_usecase.go:434.37,435.18 1 0
waniar/game-backend/internal/usecase/room_usecase.go:436.38,437.18 1 0
waniar/game-backend/internal/usecase/room_usecase.go:438.10,439.18 1 0
waniar/game-backend/internal/usecase/room_usecase.go:443.97,445.16 2 1
waniar/game-backend/internal/usecase/room_usecase.go:445.16,447.3 1 0
waniar/game-backend/internal/usecase/room_usecase.go:449.2,450.16 2 1
waniar/game-backend/internal/usecase/room_usecase.go:450.16,452.3 1 0
waniar/game-backend/internal/usecase/room_usecase.go:453.2,454.33 2 1
waniar/game-backend/internal/usecase/room_usecase.go:454.33,455.37 1 1
waniar/game-backend/internal/usecase/room_usecase.go:455.37,457.9 2 1
waniar/game-backend/internal/usecase/room_usecase.go:461.2,462.36 2 1
waniar/game-backend/internal/usecase/room_usecase.go:462.36,464.3 1 3
waniar/game-backend/internal/usecase/room_usecase.go:466.2,468.29 3 1
waniar/game-backend/internal/usecase/room_usecase.go:468.29,469.19 1 2
waniar/game-backend/internal/usecase/room_usecase.go:469.19,472.4 2 1
waniar/game-backend/internal/usecase/room_usecase.go:475.2,483.8 1 1
waniar/game-backend/internal/usecase/themes.go:23.50,25.11 2 100
waniar/game-backend/internal/usecase/themes.go:25.11,27.3 1 0
waniar/game-backend/internal/usecase/themes.go:28.2,30.12 3 100
waniar/game-backend/internal/usecase/themes.go:30.12,32.3 1 53
waniar/game-backend/internal/usecase/themes.go:33.2,33.45 1 100
waniar/game-backend/internal/interface/http/room_handler.go:16.64,18.2 1 0
waniar/game-backend/internal/interface/http/room_handler.go:25.44,28.47 3 0
waniar/game-backend/internal/interface/http/room_handler.go:28.47,31.3 2 0
waniar/game-backend/internal/interface/http/room_handler.go:33.2,38.16 2 0
waniar/game-backend/internal/interface/http/room_handler.go:38.16,39.46 1 0
waniar/game-backend/internal/interface/http/room_handler.go:39.46,42.4 2 0
waniar/game-backend/internal/interface/http/room_handler.go:43.3,43.48 1 0
waniar/game-backend/internal/interface/http/room_handler.go:43.48,46.4 2 0
waniar/game-backend/internal/interface/http/room_handler.go:47.3,47.42 1 0
waniar/game-backend/internal/interface/http/room_handler.go:47.42,50.4 2 0
waniar/game-backend/internal/interface/http/room_handler.go:51.3,52.9 2 0
waniar/game-backend/internal/interface/http/room_handler.go:55.2,55.64 1 0
waniar/game-backend/internal/interface/http/room_handler.go:63.52,65.47 2 0
waniar/game-backend/internal/interface/http/room_handler.go:65.47,68.3 2 0
waniar/game-backend/internal/interface/http/room_handler.go:69.2,70.16 2 0
waniar/game-backend/internal/interface/http/room_handler.go:70.16,73.3 2 0
waniar/game-backend/internal/interface/http/room_handler.go:74.2,79.4 1 0
waniar/game-backend/internal/interface/http/room_handler.go:82.48,85.16 3 0
waniar/game-backend/internal/interface/http/room_handler.go:85.16,86.46 1 0
waniar/game-backend/internal/interface/http/room_handler.go:86.46,89.4 2 0
waniar/game-backend/internal/interface/http/room_handler.go:90.3,91.9 2 0
waniar/game-backend/internal/interface/http/room_handler.go:93.2,93.64 1 0
waniar/game-backend/internal/interface/http/room_handler.go:96.45,100.16 4 0
waniar/game-backend/internal/interface/http/room_handler.go:100.16,101.46 1 0
waniar/game-backend/internal/interface/http/room_handler.go:101.46,104.4 2 0
waniar/game-backend/internal/interface/http/room_handler.go:105.3,106.9 2 0
waniar/game-backend/internal/interface/http/room_handler.go:108.2,108.64 1 0
waniar/game-backend/cmd/server/main.go:18.13,34.41 13 0
waniar/game-backend/cmd/server/main.go:34.41,39.3 1 0
waniar/game-backend/cmd/server/main.go:41.2,42.2 2 0
waniar/game-backend/cmd/server/main.go:42.2,47.3 4 0
waniar/game-backend/cmd/server/main.go:49.2,53.24 4 0
waniar/game-backend/cmd/server/main.go:56.42,57.34 1 0
waniar/game-backend/cmd/server/main.go:57.34,59.3 1 0
waniar/game-backend/cmd/server/main.go:60.2,60.17 1 0
waniar/game-backend/cmd/server/main.go:63.39,64.30 1 0
waniar/game-backend/cmd/server/main.go:64.30,68.45 4 0
waniar/game-backend/cmd/server/main.go:68.45,71.4 2 0
waniar/game-backend/cmd/server/main.go:72.3,72.11 1 0
